%%%%%%%%%%%%%%%%%%%%%%%%%%%%%%%%%%%%%%%%%%%%%%%%%%%%%%%%%%%%%%%%%%%%%%%%%%%%%%%%
                          S u m m a r y   R e p o r t
%%%%%%%%%%%%%%%%%%%%%%%%%%%%%%%%%%%%%%%%%%%%%%%%%%%%%%%%%%%%%%%%%%%%%%%%%%%%%%%%

Compilation
-----------
File     : /cray/css/u19/jan/src/3DFD/wallclock_time.c
Compiled : 2015-09-11  08:11:51
Compiler : Version 8.4.0.223
Ftnlx    : Version 8412 (libcif 84005)
Target   : x86-64
Command  : driver.cc -h cpu=haswell -h dynamic -D __CRAYCS -D __CRAY_HASWELL
           -D __CRAYXT_COMPUTE_LINUX_TARGET -O 3 -h fp3 -h noomp -h list=a -I .
           -c wallclock_time.c
           -W l,--rpath=/opt/cray/cce/8.4.0.223/craylibs/x86-64
           -ibase-compiler /opt/cray/cce/8.4.0.223/CC/x86-64/compiler_include_ba
           se -isystem /opt/cray/cce/8.4.0.223/craylibs/x86-64/include
           -isystem /usr/local/cuda/include
           -I /opt/gcc/4.8.1/snos/lib/gcc/x86_64-suse-linux/4.8.1/include
           -I /opt/gcc/4.8.1/snos/lib/gcc/x86_64-suse-linux/4.8.1/include-fixed
           -I /opt/cray/mvapich2_slurm/2.0.1.4/CRAY/8.4/include
           -I /opt/cray/libsci/13.2.0.1/CRAY/8.3/x86_64/include
           -I /global/opt/nvidia/cudatoolkit/7.0.28/include
           -I /opt/cray/cce/8.4.0.223/craylibs/x86-64/include

clx report
------------
Source   : /cray/css/u19/jan/src/3DFD/wallclock_time.c
Date     : 09/11/2015  08:11:51


%%%%%%%%%%%%%%%%%%%%%%%%%%%%%%%%%%%%%%%%%%%%%%%%%%%%%%%%%%%%%%%%%%%%%%%%%%%%%%%%
                          O p t i o n s   R e p o r t
%%%%%%%%%%%%%%%%%%%%%%%%%%%%%%%%%%%%%%%%%%%%%%%%%%%%%%%%%%%%%%%%%%%%%%%%%%%%%%%%

Options :  -h cache2,fp3,scalar3,thread2,vector3,mpi0,ipa3,noaggress         
           -h autoprefetch,noautothread,fusion2,nomsgs,nonegmsgs         
           -h nooverindex,pattern,unroll2,nozeroinc         
           -h noadd_paren,noupc,dwarf,nofp_trap,nofunc_trace         
           -h noomp_analyze,noomp_trace,nopat_trace         
           -h noomp,noomp_acc,noacc         
           -h c99,noexceptions,nostrict,noinfinitevl         
           -h notolerant,gnu         
           -h flex_mp=default         
           -h cpu=x86-64,haswell
           -h network=gemini         
           -K trap=none 


%%%%%%%%%%%%%%%%%%%%%%%%%%%%%%%%%%%%%%%%%%%%%%%%%%%%%%%%%%%%%%%%%%%%%%%%%%%%%%%%
                          S o u r c e   L i s t i n g
%%%%%%%%%%%%%%%%%%%%%%%%%%%%%%%%%%%%%%%%%%%%%%%%%%%%%%%%%%%%%%%%%%%%%%%%%%%%%%%%


     %%%    L o o p m a r k   L e g e n d    %%%

     Primary Loop Type        Modifiers
     ------- ---- ----        ---------
     A - Pattern matched      a - atomic memory operation
                              b - blocked
     C - Collapsed            c - conditional and/or computed
     D - Deleted               
     E - Cloned                
     F - Flat - No calls      f - fused
     G - Accelerated          g - partitioned
     I - Inlined              i - interchanged
     M - Multithreaded        m - partitioned
                              n - non-blocking remote transfer
                              p - partial
                              r - unrolled
                              s - shortloop
     V - Vectorized           w - unwound

     + - More messages listed at end of listing
     ------------------------------------------


    1.     #include <time.h>
    2.     #include <sys/time.h>
    3.     #include <stdio.h>
    4.     
    5.     /**
    6.     *  function used to calculate wallclock times
    7.     *
    8.     *   AUTHOR:
    9.     *           Jan Thorbecke (janth@xs4all.nl)
   10.     *           The Netherlands 
   11.     **/
   12.     
   13.     double wallclock_time(void)
   14.     {
   15.     	struct timeval s_val;
   16.     	static struct timeval b_val;
   17.     	double time;
   18.     	static int base=0;
   19.     
   20.  +  	gettimeofday(&s_val,0);
   21.     
   22.     	if (!base) {
   23.     		b_val = s_val;
   24.     		base = 1;
   25.     		return 0.0;
   26.     	}
   27.     
   28.     	time = (double)(s_val.tv_sec-b_val.tv_sec) + 
   29.     		   (double)(1e-6*((double)s_val.tv_usec-(double)b_val.tv_usec));
   30.     
   31.     	return (double)time;
   32.     }
   33.     

CC-3021 CC: IPA File = wallclock_time.c, Line = 20 
  "gettimeofday" (called from "wallclock_time") was not inlined because the compiler was unable to locate the routine.


%%%%%%%%%%%%%%%%%%%%%%%%%%%%%%%%%%%%%%%%%%%%%%%%%%%%%%%%%%%%%%%%%%%%%%%%%%%%%%%%
%%%%%%%%%%%%%%%%%%%%%%%%%%%%%%%%%%%%%%%%%%%%%%%%%%%%%%%%%%%%%%%%%%%%%%%%%%%%%%%%
